##############################################################################################################
#
# Rosetta crash log. Please submit the contents of this file to http://crash.rosettacommons.org/
# or use the script Rosetta/main/source/scripts/python/public/report_crashes.py
#

[START_CRASH_REPORT]
[ROSETTA_VERSION]: 2024.09+release.06b3cf8ad0
[COMMIT_DATE]: 2024-02-28T21:25:09.004217
[APPLICATION]: /Users/junyoung/Desktop/BioMatAI/rosetta/rosetta.binary.m1.release-371/main/source/bin/surface_docking.static.macosclangrelease
[MODE]: Release
[EXTRAS]: default
[OS]: Apple Mac OS X
[COMPILER]: Clang version "14.0.0 (clang-1400.0.29.202)"
[STDLIB]: libc++ version 13000
[START_OPTIONS]
 -in:ignore_unrecognized_res -in:path:database=/Users/junyoung/Desktop/BioMatAI/rosetta/rosetta.binary.m1.release-371/main/database/ -in:file:s=input/complex.pdb -in:file:extra_res_fa=input/PSF.params input/TI4.params -out:overwrite -out:nstruct=1 -out:pdb -out:file:scorefile=output/score.sc -out:path:all=output/ -run:jran=1759249574 -run:preserve_header -score:weights=ref2015 -packing:ex1 -packing:ex2aro -docking:partners=A_B

[END_OPTIONS]

[START_BACKTRACE]: RAW_LIBC
0   surface_docking.static.macosclangre 0x0000000105b7e904 backtrace_string(int) + 76
1   surface_docking.static.macosclangre 0x0000000105b8ec44 utility::excn::Exception::Exception(char const*, int, std::__1::basic_string<char, std::__1::char_traits<char>, std::__1::allocator<char>> const&) + 180
2   surface_docking.static.macosclangre 0x0000000102b92030 protocols::surface_docking::SurfaceDockingProtocol::set_surface_parameters(core::pose::Pose&) + 880
3   surface_docking.static.macosclangre 0x0000000102b913f4 protocols::surface_docking::SurfaceDockingProtocol::apply(core::pose::Pose&) + 192
4   surface_docking.static.macosclangre 0x000000010426d894 protocols::jd2::JobDistributor::run_one_job(std::__1::shared_ptr<protocols::moves::Mover>&, long, std::__1::basic_string<char, std::__1::char_traits<char>, std::__1::allocator<char>>&, std::__1::basic_string<char, std::__1::char_traits<char>, std::__1::allocator<char>>&, unsigned long&, unsigned long&, bool) + 7052
5   surface_docking.static.macosclangre 0x000000010426ae7c protocols::jd2::JobDistributor::go_main(std::__1::shared_ptr<protocols::moves::Mover>) + 136
6   surface_docking.static.macosclangre 0x00000001042661e0 protocols::jd2::FileSystemJobDistributor::go(std::__1::shared_ptr<protocols::moves::Mover>) + 72
7   surface_docking.static.macosclangre 0x00000001020c0c7c main + 244
8   dyld                                0x000000018abe2b98 start + 6076

[END_BACKTRACE]

[FILE]: src/protocols/surface_docking/SurfaceDockingProtocol.cc
[LINE]: 251
[START_MESSAGE]
Error: Surface vectors filename must be specified on the command line with -in::file::surface_vectors flag

[END_MESSAGE]
[END_CRASH_REPORT]

