##############################################################################################################
#
# Rosetta crash log. Please submit the contents of this file to http://crash.rosettacommons.org/
# or use the script Rosetta/main/source/scripts/python/public/report_crashes.py
#

[START_CRASH_REPORT]
[ROSETTA_VERSION]: 2024.09+release.06b3cf8ad0
[COMMIT_DATE]: 2024-02-28T21:25:09.004217
[APPLICATION]: /Users/junyoung/Desktop/BioMatAI/rosetta/rosetta.binary.m1.release-371/main/source/bin/surface_docking.static.macosclangrelease
[MODE]: Release
[EXTRAS]: default
[OS]: Apple Mac OS X
[COMPILER]: Clang version "14.0.0 (clang-1400.0.29.202)"
[STDLIB]: libc++ version 13000
[START_OPTIONS]
 -in:ignore_unrecognized_res -in:auto_setup_metals -in:path:database=/Users/junyoung/Desktop/BioMatAI/rosetta/rosetta.binary.m1.release-371/main/database/ -in:file:s=input/complex.pdb -in:file:extra_res_fa=input/PSF.params input/TI4.params -in:file:extra_res_cen=input/TI4_centroid.params input/PSF_centroid.params -in:file:frag3=input/albumin_3mers -in:file:frag9=input/albumin_9mers -in:file:surface_vectors=input/surface_vectors.txt -out:overwrite -out:nstruct=1 -out:pdb -out:file:scorefile=output/score.sc -out:path:all=output/ -run:jran=1759375184 -run:preserve_header -score:weights=ref2015 -packing:ex1 -packing:ex2aro -docking:partners=A_S -docking:low_res_protocol_only=false -docking:dock_mcm_first_cycles=0

[END_OPTIONS]

[START_BACKTRACE]: RAW_LIBC
1   surface_docking.static.macosclangre 0x0000000104203538 utility::signal_handler(int) + 328
2   libsystem_platform.dylib            0x00000001852556a4 _sigtramp + 56
3   surface_docking.static.macosclangre 0x0000000103d004f0 core::chemical::read_topology_file(std::__1::basic_istream<char, std::__1::char_traits<char>>&, std::__1::basic_string<char, std::__1::char_traits<char>, std::__1::allocator<char>> const&, std::__1::weak_ptr<core::chemical::AtomTypeSet const>, std::__1::weak_ptr<core::chemical::ElementSet const>, std::__1::weak_ptr<core::chemical::MMAtomTypeSet const>, std::__1::weak_ptr<core::chemical::orbitals::OrbitalTypeSet const>) + 8976
4   surface_docking.static.macosclangre 0x0000000103cfdac0 core::chemical::read_topology_file(std::__1::basic_string<char, std::__1::char_traits<char>, std::__1::allocator<char>> const&, std::__1::weak_ptr<core::chemical::AtomTypeSet const>, std::__1::weak_ptr<core::chemical::ElementSet const>, std::__1::weak_ptr<core::chemical::MMAtomTypeSet const>, std::__1::weak_ptr<core::chemical::orbitals::OrbitalTypeSet const>) + 536
5   surface_docking.static.macosclangre 0x0000000103ca04f0 core::chemical::GlobalResidueTypeSet::init_restypes_from_commandline() + 712
6   surface_docking.static.macosclangre 0x0000000103c9d524 core::chemical::GlobalResidueTypeSet::GlobalResidueTypeSet(std::__1::basic_string<char, std::__1::char_traits<char>, std::__1::allocator<char>> const&, std::__1::basic_string<char, std::__1::char_traits<char>, std::__1::allocator<char>> const&) + 376
7   surface_docking.static.macosclangre 0x0000000103c8e134 core::chemical::ChemicalManager::create_residue_type_set(std::__1::basic_string<char, std::__1::char_traits<char>, std::__1::allocator<char>> const&) const + 1156
8   surface_docking.static.macosclangre 0x0000000103c8dae0 core::chemical::ChemicalManager::residue_type_set(std::__1::basic_string<char, std::__1::char_traits<char>, std::__1::allocator<char>> const&) + 140
9   surface_docking.static.macosclangre 0x0000000103415560 core::scoring::RamaPrePro::read_canonical_rpp_tables() + 152
10  surface_docking.static.macosclangre 0x0000000103415d24 core::scoring::RamaPrePro::RamaPrePro() + 84
11  surface_docking.static.macosclangre 0x000000010348bf84 core::scoring::ScoringManager::create_ramapp_instance() + 52
12  surface_docking.static.macosclangre 0x000000010348be04 core::scoring::ScoringManager::get_RamaPrePro() const + 140
13  surface_docking.static.macosclangre 0x000000010305a9fc core::energy_methods::RamaPreProEnergy::RamaPreProEnergy() + 168
14  surface_docking.static.macosclangre 0x000000010305a8e4 core::energy_methods::RamaPreProEnergyCreator::create_energy_method(core::scoring::methods::EnergyMethodOptions const&) const + 52
15  surface_docking.static.macosclangre 0x0000000103454810 core::scoring::ScoreFunction::set_weight(core::scoring::ScoreType const&, double) + 664
16  surface_docking.static.macosclangre 0x0000000103457c50 core::scoring::ScoreFunction::_add_weights_from_stream(std::__1::basic_istream<char, std::__1::char_traits<char>>&, bool, std::__1::basic_string<char, std::__1::char_traits<char>, std::__1::allocator<char>> const&) + 9952
17  surface_docking.static.macosclangre 0x0000000103454adc core::scoring::ScoreFunction::_add_weights_from_file(std::__1::basic_string<char, std::__1::char_traits<char>, std::__1::allocator<char>> const&, bool) + 324
18  surface_docking.static.macosclangre 0x0000000103453a10 core::scoring::ScoreFunction::add_weights_from_file(std::__1::basic_string<char, std::__1::char_traits<char>, std::__1::allocator<char>> const&) + 80
19  surface_docking.static.macosclangre 0x0000000103472330 core::scoring::ScoreFunctionFactory::load_score_function_from_disk(utility::options::OptionCollection const&, std::__1::basic_string<char, std::__1::char_traits<char>, std::__1::allocator<char>> const&, utility::vector1<std::__1::basic_string<char, std::__1::char_traits<char>, std::__1::allocator<char>>, std::__1::allocator<std::__1::basic_string<char, std::__1::char_traits<char>, std::__1::allocator<char>>>> const&) + 1364
20  surface_docking.static.macosclangre 0x0000000103472ab4 std::__1::shared_ptr<core::scoring::ScoreFunction> utility::thread::safely_check_map_for_key_and_insert_if_absent<core::scoring::ScoreFunction, core::scoring::ScoreFunctionKey>(std::__1::function<std::__1::shared_ptr<core::scoring::ScoreFunction> ()>, bool, core::scoring::ScoreFunctionKey const&, std::__1::map<core::scoring::ScoreFunctionKey, std::__1::shared_ptr<core::scoring::ScoreFunction>, std::__1::less<core::scoring::ScoreFunctionKey>, std::__1::allocator<std::__1::pair<core::scoring::ScoreFunctionKey const, std::__1::shared_ptr<core::scoring::ScoreFunction>>>>&) + 144
21  surface_docking.static.macosclangre 0x0000000103470580 core::scoring::ScoreFunctionFactory::create_score_function_nonstatic(utility::options::OptionCollection const&, std::__1::basic_string<char, std::__1::char_traits<char>, std::__1::allocator<char>> const&, utility::vector1<std::__1::basic_string<char, std::__1::char_traits<char>, std::__1::allocator<char>>, std::__1::allocator<std::__1::basic_string<char, std::__1::char_traits<char>, std::__1::allocator<char>>>> const&) + 524
22  surface_docking.static.macosclangre 0x0000000103474918 core::scoring::get_score_function(utility::options::OptionCollection const&, bool) + 1708
23  surface_docking.static.macosclangre 0x000000010121410c protocols::surface_docking::SurfaceDockingProtocol::init() + 96
24  surface_docking.static.macosclangre 0x000000010121406c protocols::surface_docking::SurfaceDockingProtocol::SurfaceDockingProtocol() + 96
25  surface_docking.static.macosclangre 0x0000000100744bb4 main + 44
26  dyld                                0x0000000184e7ab98 start + 6076

[END_BACKTRACE]

[FILE]: SIGSEGV
[LINE]: 11
[START_MESSAGE]
Segmentation Fault

[END_MESSAGE]
[END_CRASH_REPORT]

