********  (C) Copyright Rosetta Commons Member Institutions.  ***************
* Use of Rosetta for commercial purposes may require purchase of a license. *
********  See LICENSE.md or email license@uw.edu for more details. **********
core.init: Checking for fconfig files in pwd and ./rosetta/flags 
core.init: Rosetta version: rosetta.binary.m1.release-371 r371 2024.09+release.06b3cf8ad0 06b3cf8ad0940d628690d0ed6fa2009d72ad2b44 https://www.rosettacommons.org 2024-02-28T21:25:09.004217
core.init: command: /Users/junyoung/Desktop/BioMatAI/rosetta/rosetta.binary.m1.release-371/main/source/bin/surface_docking.static.macosclangrelease @input/flags
basic.random.init_random_generator: 'RNG device' seed mode, using '/dev/urandom', seed=-273218803 seed_offset=0 real_seed=-273218803
basic.random.init_random_generator: RandomGenerator:init: Normal mode, seed=-273218803 RG_type=mt19937
core.scoring.ScoreFunctionFactory: SCOREFUNCTION: ref2015
core.scoring.etable: Starting energy table calculation
core.scoring.etable: smooth_etable: changing atr/rep split to bottom of energy well
core.scoring.etable: smooth_etable: spline smoothing lj etables (maxdis = 6)
core.scoring.etable: smooth_etable: spline smoothing solvation etables (max_dis = 6)
core.scoring.etable: Finished calculating energy tables.
basic.io.database: Database file opened: scoring/score_functions/hbonds/ref2015_params/HBPoly1D.csv
basic.io.database: Database file opened: scoring/score_functions/hbonds/ref2015_params/HBFadeIntervals.csv
basic.io.database: Database file opened: scoring/score_functions/hbonds/ref2015_params/HBEval.csv
basic.io.database: Database file opened: scoring/score_functions/hbonds/ref2015_params/DonStrength.csv
basic.io.database: Database file opened: scoring/score_functions/hbonds/ref2015_params/AccStrength.csv
core.chemical.GlobalResidueTypeSet: Finished initializing fa_standard residue type set.  Created 987 residue types
core.chemical.GlobalResidueTypeSet: Total time to initialize 0.284899 seconds.
basic.io.database: Database file opened: scoring/score_functions/rama/fd/all.ramaProb
basic.io.database: Database file opened: scoring/score_functions/rama/fd/prepro.ramaProb
basic.io.database: Database file opened: scoring/score_functions/omega/omega_ppdep.all.txt
basic.io.database: Database file opened: scoring/score_functions/omega/omega_ppdep.gly.txt
basic.io.database: Database file opened: scoring/score_functions/omega/omega_ppdep.pro.txt
basic.io.database: Database file opened: scoring/score_functions/omega/omega_ppdep.valile.txt
basic.io.database: Database file opened: scoring/score_functions/P_AA_pp/P_AA
basic.io.database: Database file opened: scoring/score_functions/P_AA_pp/P_AA_n
core.scoring.P_AA: shapovalov_lib::shap_p_aa_pp_smooth_level of 1( aka low_smooth ) got activated.
basic.io.database: Database file opened: scoring/score_functions/P_AA_pp/shapovalov/10deg/kappa131/a20.prop
protocols.SurfaceDocking.SurfaceDockingProtocol: Setting Weights for talaris
protocols.jd2.PDBJobInputter: Instantiate PDBJobInputter
protocols.jd2.PDBJobInputter: PDBJobInputter::fill_jobs
protocols.jd2.PDBJobInputter: pushed input/complex.pdb nstruct index 1
protocols.evaluation.ChiWellRmsdEvaluatorCreator: Evaluation Creator active ... 
protocols.jd2.PDBJobInputter: PDBJobInputter::pose_from_job
protocols.jd2.PDBJobInputter: filling pose from PDB input/complex.pdb
core.import_pose.import_pose: File 'input/complex.pdb' automatically determined to be of type PDB
core.io.pose_from_sfr.PoseFromSFRBuilder: Adding undetected upper terminus type to residue 1156, 1156 A
core.conformation.Conformation: [ WARNING ] missing heavyatom:  OXT on residue ALA:CtermProteinFull 1156
core.conformation.Conformation: Found disulfide between residues 49 58
core.conformation.Conformation: Found disulfide between residues 71 87
core.conformation.Conformation: Found disulfide between residues 86 97
core.conformation.Conformation: Found disulfide between residues 120 165
core.conformation.Conformation: Found disulfide between residues 164 173
core.conformation.Conformation: Found disulfide between residues 196 242
core.conformation.Conformation: Found disulfide between residues 241 249
core.conformation.Conformation: Found disulfide between residues 261 275
core.conformation.Conformation: Found disulfide between residues 274 285
core.conformation.Conformation: Found disulfide between residues 312 357
core.conformation.Conformation: Found disulfide between residues 356 365
core.conformation.Conformation: Found disulfide between residues 388 434
core.conformation.Conformation: Found disulfide between residues 433 444
core.conformation.Conformation: Found disulfide between residues 457 473
core.conformation.Conformation: Found disulfide between residues 472 483
core.conformation.Conformation: Found disulfide between residues 510 555
core.conformation.Conformation: Found disulfide between residues 554 563
core.conformation.Conformation: Found disulfide between residues 627 636
core.conformation.Conformation: Found disulfide between residues 649 665
core.conformation.Conformation: Found disulfide between residues 664 675
core.conformation.Conformation: Found disulfide between residues 698 743
core.conformation.Conformation: Found disulfide between residues 742 751
core.conformation.Conformation: Found disulfide between residues 774 820
core.conformation.Conformation: Found disulfide between residues 819 827
core.conformation.Conformation: Found disulfide between residues 839 853
core.conformation.Conformation: Found disulfide between residues 852 863
core.conformation.Conformation: Found disulfide between residues 890 935
core.conformation.Conformation: Found disulfide between residues 934 943
core.conformation.Conformation: Found disulfide between residues 966 1012
core.conformation.Conformation: Found disulfide between residues 1011 1022
core.conformation.Conformation: Found disulfide between residues 1035 1051
core.conformation.Conformation: Found disulfide between residues 1050 1061
core.conformation.Conformation: Found disulfide between residues 1088 1133
core.conformation.Conformation: Found disulfide between residues 1132 1141
protocols.SurfaceDocking.SurfaceDockingProtocol: Starting Surface Docking Protocol...
protocols.surfaceDocking.SurfaceParameters: Surface Vectors value inside constructor:
protocols.surfaceDocking.SurfaceParameters: SURFA0:      30.85100000000000       33.06000000000000       25.11400000000000
protocols.surfaceDocking.SurfaceParameters: SURFA1:      30.85100000000000       43.06000000000000       25.11500000000000
protocols.surfaceDocking.SurfaceParameters: SURFA2:      20.85100000000000       33.06000000000000       25.11100000000000
protocols.SurfaceDocking.SurfaceDockingProtocol: Setting up classic abinitio
Error: Value of inactive option accessed: -in:file:frag9
